00:00 +0: loading C:/Users/Melih/Desktop/Menejer/soccer_manager/test/e2e_game_flow_test.dart
00:00 +0: Full game flow from zero account to match play
[TEST 1] Starting test
[TEST 2] Binding initialized
[TEST] Initializing Supabase for test
***** Supabase init completed Instance of 'Supabase'
